
Segment List
------------

d:\project\stm8_usb\simulate\main.asm[2]  279-  285         0 -        2                 'ram0'  [void]
d:\project\stm8_usb\simulate\main.asm[1]    5-  278      8080 -     81D1                 'rom'  [text]
d:\project\stm8_usb\simulate\main.asm[3]  286-  307      81D2 -     81ED                 'rom'  [text]
d:\project\stm8_usb\simulate\main.asm[4]  308-  341      8000 -     807F                 'vectit'  [data]


Class List
----------

0 '        ram0'   byte from        0 to        2 (lim       FF) =  0% D
0 '        ram1'   byte from      100 to       FF (lim      1FF) =  0% V
0 '       stack'   byte from      200 to      1FF (lim      3FF) =  0% V
0 '      eeprom'   byte from     4000 to     3FFF (lim     407F) =  0% V
0 '         rom'   byte from     8080 to     81ED (lim     9FFF) =  4% C
0 '      vectit'   byte from     8000 to     807F (lim     807F) =100% S



External Label list
-------------------

Symbol Name                       Value     Scope  Def(line)


0 labels
